#-----------------------------------------------------------
# PlanAhead v14.7 (64-bit)
# Build 321239 by xbuild on Fri Sep 27 19:29:51 MDT 2013
# Start of session at: Tue Aug 14 20:47:30 2018
# Process ID: 13864
# Log file: C:/Users/Administrator/Desktop/task/ISE/clkTest/clkTest/planAhead_run_1/planAhead.log
# Journal file: C:/Users/Administrator/Desktop/task/ISE/clkTest/clkTest/planAhead_run_1/planAhead.jou
#-----------------------------------------------------------
start_gui
source C:/Users/Administrator/Desktop/task/ISE/clkTest/clkTest/pa.fromHdl.tcl
update_compile_order -fileset sim_1
startgroup
set_property package_pin T1 [get_ports clk]
endgroup
set_property iostandard LVTTL [get_ports [list clk]]
startgroup
set_property package_pin M21 [get_ports {led[0]}]
endgroup
startgroup
set_property package_pin N23 [get_ports {led[1]}]
endgroup
startgroup
set_property package_pin N22 [get_ports {led[2]}]
endgroup
startgroup
set_property package_pin N21 [get_ports {led[3]}]
endgroup
set_property iostandard LVCMOS25 [get_ports [list {led[3]}]]
set_property iostandard LVTTL [get_ports [list {led[3]}]]
set_property iostandard LVCMOS33 [get_ports [list {led[1]}]]
set_property iostandard LVTTL [get_ports [list {led[0]}]]
set_property iostandard LVTTL [get_ports [list {led[2]}]]
set_property iostandard LVTTL [get_ports [list {led[1]}]]
save_constraints
